2024-11-12 08:05:46 info: Congratulations, your extension "Embold" is now active!
2024-11-12 08:05:46 info: tempDirectory : c:\Users\ghaza\.vscode\extensions\embold-vscode.embold-0.1.8\temp
2024-11-12 08:06:04 info: Extraction complete for source: c:\Users\ghaza\.vscode\extensions\embold-vscode.embold-0.1.8\resources\embold-scanner-archive.zip, destination: c:\Users\ghaza\.vscode\extensions\embold-vscode.embold-0.1.8\temp
2024-11-12 08:06:04 info: Extension installed on machine OS : win32
2024-11-12 08:06:04 info: Fetched the issues from DB
2024-11-12 08:06:04 error: ERROR checking java version : Error: Command failed: java -version
'java' is not recognized as an internal or external command,
operable program or batch file.

2024-11-12 08:06:04 info: JAVA is not installed on the system,Please install JAVA (1.8 or higher version) to use embold extension'java' is not recognized as an internal or external command,
operable program or batch file.

2024-11-12 08:06:04 info: Java installed on machine.
2024-11-12 08:06:05 info: Embold extension version response:{"hasSupport":false,"version":"0.1.6","changeNotes":"<div> <p>Release Date: 09 Oct, 2023 <br><span>Bug fixes and improvements.</span></p> </div>"}
2024-11-12 08:06:05 info: Current installed embold extension version : 0.1.8
2024-11-12 08:06:05 info: Latest embold extension version on marketplace : 0.1.6
2024-11-12 15:45:23 info: Congratulations, your extension "Embold" is now active!
2024-11-12 15:45:23 info: tempDirectory : c:\Users\ghaza\.vscode\extensions\embold-vscode.embold-0.1.8\temp
2024-11-12 15:46:07 info: Extraction complete for source: c:\Users\ghaza\.vscode\extensions\embold-vscode.embold-0.1.8\resources\embold-scanner-archive.zip, destination: c:\Users\ghaza\.vscode\extensions\embold-vscode.embold-0.1.8\temp
2024-11-12 15:46:07 info: Extension installed on machine OS : win32
2024-11-12 15:46:07 info: Fetched the issues from DB
2024-11-12 15:46:08 error: ERROR checking java version : Error: Command failed: java -version
'java' is not recognized as an internal or external command,
operable program or batch file.

2024-11-12 15:46:08 info: JAVA is not installed on the system,Please install JAVA (1.8 or higher version) to use embold extension'java' is not recognized as an internal or external command,
operable program or batch file.

2024-11-12 15:46:08 info: Java installed on machine.
2024-11-12 15:46:08 info: Embold extension version response:{"hasSupport":false,"version":"0.1.6","changeNotes":"<div> <p>Release Date: 09 Oct, 2023 <br><span>Bug fixes and improvements.</span></p> </div>"}
2024-11-12 15:46:08 info: Current installed embold extension version : 0.1.8
2024-11-12 15:46:08 info: Latest embold extension version on marketplace : 0.1.6
2024-11-12 15:50:01 info: Row(s) deleted
2024-11-12 20:19:51 info: Congratulations, your extension "Embold" is now active!
2024-11-12 20:19:51 info: tempDirectory : c:\Users\ghaza\.vscode\extensions\embold-vscode.embold-0.1.8\temp
2024-11-12 20:20:03 info: Extraction complete for source: c:\Users\ghaza\.vscode\extensions\embold-vscode.embold-0.1.8\resources\embold-scanner-archive.zip, destination: c:\Users\ghaza\.vscode\extensions\embold-vscode.embold-0.1.8\temp
2024-11-12 20:20:03 info: Extension installed on machine OS : win32
2024-11-12 20:20:03 info: Fetched the issues from DB
2024-11-12 20:20:03 error: ERROR checking java version : Error: Command failed: java -version
'java' is not recognized as an internal or external command,
operable program or batch file.

2024-11-12 20:20:03 info: JAVA is not installed on the system,Please install JAVA (1.8 or higher version) to use embold extension'java' is not recognized as an internal or external command,
operable program or batch file.

2024-11-12 20:20:03 info: Java installed on machine.
2024-11-12 20:20:04 info: Embold extension version response:{"hasSupport":false,"version":"0.1.6","changeNotes":"<div> <p>Release Date: 09 Oct, 2023 <br><span>Bug fixes and improvements.</span></p> </div>"}
2024-11-12 20:20:04 info: Current installed embold extension version : 0.1.8
2024-11-12 20:20:04 info: Latest embold extension version on marketplace : 0.1.6
2024-11-12 20:26:59 info: Row(s) deleted
2024-11-12 20:28:14 info: Row(s) deleted
2024-11-12 20:29:59 info: Row(s) deleted
2024-11-13 11:49:24 info: Congratulations, your extension "Embold" is now active!
2024-11-13 11:49:24 info: tempDirectory : c:\Users\ghaza\.vscode\extensions\embold-vscode.embold-0.1.8\temp
2024-11-13 11:49:42 info: Extraction complete for source: c:\Users\ghaza\.vscode\extensions\embold-vscode.embold-0.1.8\resources\embold-scanner-archive.zip, destination: c:\Users\ghaza\.vscode\extensions\embold-vscode.embold-0.1.8\temp
2024-11-13 11:49:42 info: Extension installed on machine OS : win32
2024-11-13 11:49:42 info: Fetched the issues from DB
2024-11-13 11:49:42 error: ERROR checking java version : Error: Command failed: java -version
'java' is not recognized as an internal or external command,
operable program or batch file.

2024-11-13 11:49:42 info: JAVA is not installed on the system,Please install JAVA (1.8 or higher version) to use embold extension'java' is not recognized as an internal or external command,
operable program or batch file.

2024-11-13 11:49:42 info: Java installed on machine.
2024-11-13 11:49:46 info: Embold extension version response:{"hasSupport":false,"version":"0.1.6","changeNotes":"<div> <p>Release Date: 09 Oct, 2023 <br><span>Bug fixes and improvements.</span></p> </div>"}
2024-11-13 11:49:46 info: Current installed embold extension version : 0.1.8
2024-11-13 11:49:46 info: Latest embold extension version on marketplace : 0.1.6
2024-11-13 12:00:17 info: Row(s) deleted
2024-11-13 12:25:25 info: Row(s) deleted
2024-11-13 21:20:54 info: Congratulations, your extension "Embold" is now active!
2024-11-13 21:20:54 info: tempDirectory : c:\Users\ghaza\.vscode\extensions\embold-vscode.embold-0.1.8\temp
2024-11-13 21:21:07 info: Extraction complete for source: c:\Users\ghaza\.vscode\extensions\embold-vscode.embold-0.1.8\resources\embold-scanner-archive.zip, destination: c:\Users\ghaza\.vscode\extensions\embold-vscode.embold-0.1.8\temp
2024-11-13 21:21:07 info: Extension installed on machine OS : win32
2024-11-13 21:21:07 info: Fetched the issues from DB
2024-11-13 21:21:08 error: ERROR checking java version : Error: Command failed: java -version
'java' is not recognized as an internal or external command,
operable program or batch file.

2024-11-13 21:21:08 info: JAVA is not installed on the system,Please install JAVA (1.8 or higher version) to use embold extension'java' is not recognized as an internal or external command,
operable program or batch file.

2024-11-13 21:21:08 info: Java installed on machine.
2024-11-13 21:21:08 info: Embold extension version response:{"hasSupport":false,"version":"0.1.6","changeNotes":"<div> <p>Release Date: 09 Oct, 2023 <br><span>Bug fixes and improvements.</span></p> </div>"}
2024-11-13 21:21:08 info: Current installed embold extension version : 0.1.8
2024-11-13 21:21:08 info: Latest embold extension version on marketplace : 0.1.6
2024-11-13 21:36:18 info: Row(s) deleted
2024-11-13 21:36:52 info: Row(s) deleted
2024-11-18 17:44:15 info: Congratulations, your extension "Embold" is now active!
2024-11-18 17:44:15 info: tempDirectory : c:\Users\ghaza\.vscode\extensions\embold-vscode.embold-0.1.8\temp
2024-11-18 17:44:45 info: Extraction complete for source: c:\Users\ghaza\.vscode\extensions\embold-vscode.embold-0.1.8\resources\embold-scanner-archive.zip, destination: c:\Users\ghaza\.vscode\extensions\embold-vscode.embold-0.1.8\temp
2024-11-18 17:44:45 info: Extension installed on machine OS : win32
2024-11-18 17:44:49 info: Fetched the issues from DB
2024-11-18 17:44:49 error: ERROR checking java version : Error: Command failed: java -version
'java' is not recognized as an internal or external command,
operable program or batch file.

2024-11-18 17:44:49 info: JAVA is not installed on the system,Please install JAVA (1.8 or higher version) to use embold extension'java' is not recognized as an internal or external command,
operable program or batch file.

2024-11-18 17:44:49 info: Java installed on machine.
2024-11-18 17:44:55 info: Embold extension version response:{"hasSupport":false,"version":"0.1.6","changeNotes":"<div> <p>Release Date: 09 Oct, 2023 <br><span>Bug fixes and improvements.</span></p> </div>"}
2024-11-18 17:44:55 info: Current installed embold extension version : 0.1.8
2024-11-18 17:44:55 info: Latest embold extension version on marketplace : 0.1.6
2024-11-18 17:58:53 info: Row(s) deleted
2024-11-18 18:18:52 info: Row(s) deleted
2024-11-18 18:27:24 info: Row(s) deleted
2024-11-18 18:32:43 info: Row(s) deleted
2024-11-18 18:50:36 info: Row(s) deleted
2024-11-18 18:54:32 info: Row(s) deleted
2024-11-18 18:57:19 info: Row(s) deleted
2024-11-18 19:03:00 info: Row(s) deleted
2024-11-18 19:03:07 info: Row(s) deleted
2024-11-18 19:07:05 info: Row(s) deleted
2024-11-18 19:22:29 info: Row(s) deleted
2024-11-18 22:31:00 info: Congratulations, your extension "Embold" is now active!
2024-11-18 22:31:00 info: tempDirectory : c:\Users\ghaza\.vscode\extensions\embold-vscode.embold-0.1.8\temp
2024-11-18 22:32:24 info: Extraction complete for source: c:\Users\ghaza\.vscode\extensions\embold-vscode.embold-0.1.8\resources\embold-scanner-archive.zip, destination: c:\Users\ghaza\.vscode\extensions\embold-vscode.embold-0.1.8\temp
2024-11-18 22:32:24 info: Extension installed on machine OS : win32
2024-11-18 22:32:24 info: Fetched the issues from DB
2024-11-18 22:32:25 error: ERROR checking java version : Error: Command failed: java -version
'java' is not recognized as an internal or external command,
operable program or batch file.

2024-11-18 22:32:25 info: JAVA is not installed on the system,Please install JAVA (1.8 or higher version) to use embold extension'java' is not recognized as an internal or external command,
operable program or batch file.

2024-11-18 22:32:25 info: Java installed on machine.
2024-11-18 22:32:29 info: Embold extension version response:{"hasSupport":false,"version":"0.1.6","changeNotes":"<div> <p>Release Date: 09 Oct, 2023 <br><span>Bug fixes and improvements.</span></p> </div>"}
2024-11-18 22:32:29 info: Current installed embold extension version : 0.1.8
2024-11-18 22:32:29 info: Latest embold extension version on marketplace : 0.1.6
2024-11-20 18:09:07 info: Congratulations, your extension "Embold" is now active!
2024-11-20 18:09:07 info: tempDirectory : c:\Users\ghaza\.vscode\extensions\embold-vscode.embold-0.1.8\temp
2024-11-20 18:09:28 info: Extraction complete for source: c:\Users\ghaza\.vscode\extensions\embold-vscode.embold-0.1.8\resources\embold-scanner-archive.zip, destination: c:\Users\ghaza\.vscode\extensions\embold-vscode.embold-0.1.8\temp
2024-11-20 18:09:28 info: Extension installed on machine OS : win32
2024-11-20 18:09:28 info: Fetched the issues from DB
2024-11-20 18:09:29 error: ERROR checking java version : Error: Command failed: java -version
'java' is not recognized as an internal or external command,
operable program or batch file.

2024-11-20 18:09:29 info: JAVA is not installed on the system,Please install JAVA (1.8 or higher version) to use embold extension'java' is not recognized as an internal or external command,
operable program or batch file.

2024-11-20 18:09:29 info: Java installed on machine.
2024-11-20 18:09:29 info: Embold extension version response:{"hasSupport":false,"version":"0.1.6","changeNotes":"<div> <p>Release Date: 09 Oct, 2023 <br><span>Bug fixes and improvements.</span></p> </div>"}
2024-11-20 18:09:29 info: Current installed embold extension version : 0.1.8
2024-11-20 18:09:29 info: Latest embold extension version on marketplace : 0.1.6
2024-11-20 18:23:34 info: Row(s) deleted
2024-11-20 18:30:20 info: Congratulations, your extension "Embold" is now active!
2024-11-20 18:30:20 info: tempDirectory : c:\Users\ghaza\.vscode\extensions\embold-vscode.embold-0.1.8\temp
2024-11-20 18:30:43 info: Extraction complete for source: c:\Users\ghaza\.vscode\extensions\embold-vscode.embold-0.1.8\resources\embold-scanner-archive.zip, destination: c:\Users\ghaza\.vscode\extensions\embold-vscode.embold-0.1.8\temp
2024-11-20 18:30:43 info: Extension installed on machine OS : win32
2024-11-20 18:30:44 info: Fetched the issues from DB
2024-11-20 18:30:44 error: ERROR checking java version : Error: Command failed: java -version
'java' is not recognized as an internal or external command,
operable program or batch file.

2024-11-20 18:30:44 info: JAVA is not installed on the system,Please install JAVA (1.8 or higher version) to use embold extension'java' is not recognized as an internal or external command,
operable program or batch file.

2024-11-20 18:30:44 info: Java installed on machine.
2024-11-20 18:30:47 info: Embold extension version response:{"hasSupport":false,"version":"0.1.6","changeNotes":"<div> <p>Release Date: 09 Oct, 2023 <br><span>Bug fixes and improvements.</span></p> </div>"}
2024-11-20 18:30:47 info: Current installed embold extension version : 0.1.8
2024-11-20 18:30:47 info: Latest embold extension version on marketplace : 0.1.6
2024-11-20 18:55:21 info: Row(s) deleted
2024-11-20 18:55:26 info: Row(s) deleted
2024-11-20 18:57:18 info: Row(s) deleted
2024-11-20 18:59:41 info: Row(s) deleted
2024-11-20 18:59:44 info: Row(s) deleted
2024-11-20 19:00:27 info: Row(s) deleted
2024-11-20 19:02:47 info: Row(s) deleted
2024-11-20 19:03:04 info: Row(s) deleted
2024-11-20 19:08:41 info: Row(s) deleted
2024-11-20 19:09:33 info: Row(s) deleted
2024-11-20 19:42:39 info: Row(s) deleted
2024-11-20 20:29:22 info: Row(s) deleted
2024-11-20 20:29:25 info: Row(s) deleted
2024-11-20 21:33:30 info: Row(s) deleted
2024-11-20 22:39:36 info: Row(s) deleted
2024-11-20 23:13:53 info: Row(s) deleted
2024-11-20 23:46:41 info: Row(s) deleted
2024-11-21 00:18:48 info: Row(s) deleted
2024-11-21 00:51:06 info: Row(s) deleted
